{"time": "2026-08-08 12:05:37", "service": "udyamreg", "session_id": "93c778ad-3885-481e-8e6d-4aace34c41cd", "level": "INFO", "message": "Automation started"}
{"time": "2026-08-08 12:05:47", "service": "udyamreg", "session_id": "93c778ad-3885-481e-8e6d-4aace34c41cd", "level": "INFO", "message": "Launching Udyam automation"}
{"time": "2026-08-08 12:05:47", "service": "udyamreg", "session_id": "93c778ad-3885-481e-8e6d-4aace34c41cd", "level": "INFO", "message": "Starting Udyam Registration"}
{"time": "2026-08-08 12:05:50", "service": "udyamreg", "session_id": "93c778ad-3885-481e-8e6d-4aace34c41cd", "level": "INFO", "message": "Portal opened successfully"}
{"time": "2026-08-08 12:05:51", "service": "udyamreg", "session_id": "93c778ad-3885-481e-8e6d-4aace34c41cd", "level": "INFO", "message": "Site loaded & button clicked successfully"}
{"time": "2026-08-08 12:05:51", "service": "udyamreg", "session_id": "93c778ad-3885-481e-8e6d-4aace34c41cd", "level": "INFO", "message": "Portal Loaded Successfully"}
{"time": "2026-08-08 12:05:51", "service": "udyamreg", "session_id": "93c778ad-3885-481e-8e6d-4aace34c41cd", "level": "INFO", "message": "Udyam Registration clicked successfully"}
{"time": "2026-08-08 12:05:52", "service": "udyamreg", "session_id": "93c778ad-3885-481e-8e6d-4aace34c41cd", "level": "INFO", "message": "OTP sent successfully"}
{"time": "2026-08-08 12:05:54", "service": "udyamreg", "session_id": "93c778ad-3885-481e-8e6d-4aace34c41cd", "level": "INFO", "message": "Waiting for OTP"}
{"time": "2026-08-08 13:58:11", "service": "udyamreg", "session_id": "616fe20d-692f-42d4-b7db-12f1727f8fd5", "level": "INFO", "message": "Automation started"}
{"time": "2026-08-08 13:58:20", "service": "udyamreg", "session_id": "616fe20d-692f-42d4-b7db-12f1727f8fd5", "level": "INFO", "message": "Launching Udyam automation"}
{"time": "2026-08-08 13:58:20", "service": "udyamreg", "session_id": "616fe20d-692f-42d4-b7db-12f1727f8fd5", "level": "INFO", "message": "Starting Udyam Registration"}
{"time": "2026-08-08 13:58:23", "service": "udyamreg", "session_id": "616fe20d-692f-42d4-b7db-12f1727f8fd5", "level": "INFO", "message": "Portal opened successfully"}
{"time": "2026-08-08 13:58:24", "service": "udyamreg", "session_id": "616fe20d-692f-42d4-b7db-12f1727f8fd5", "level": "INFO", "message": "Site loaded & button clicked successfully"}
{"time": "2026-08-08 13:58:24", "service": "udyamreg", "session_id": "616fe20d-692f-42d4-b7db-12f1727f8fd5", "level": "INFO", "message": "Portal Loaded Successfully"}
{"time": "2026-08-08 13:58:24", "service": "udyamreg", "session_id": "616fe20d-692f-42d4-b7db-12f1727f8fd5", "level": "INFO", "message": "Udyam Registration clicked successfully"}
{"time": "2026-08-08 13:58:24", "service": "udyamreg", "session_id": "616fe20d-692f-42d4-b7db-12f1727f8fd5", "level": "INFO", "message": "OTP sent successfully"}
{"time": "2026-08-08 13:58:27", "service": "udyamreg", "session_id": "616fe20d-692f-42d4-b7db-12f1727f8fd5", "level": "INFO", "message": "Waiting for OTP"}
{"time": "2026-08-08 14:02:09", "service": "udyamreg", "session_id": "616fe20d-692f-42d4-b7db-12f1727f8fd5", "level": "INFO", "message": "OTP submitted"}
{"time": "2026-08-08 14:02:10", "service": "udyamreg", "session_id": "616fe20d-692f-42d4-b7db-12f1727f8fd5", "level": "INFO", "message": "OTP received"}
{"time": "2026-08-08 14:02:12", "service": "udyamreg", "session_id": "616fe20d-692f-42d4-b7db-12f1727f8fd5", "level": "INFO", "message": "OTP validated successfully"}
{"time": "2026-08-08 14:02:32", "service": "udyamreg", "session_id": "616fe20d-692f-42d4-b7db-12f1727f8fd5", "level": "INFO", "message": "PAN validated successfully"}
{"time": "2026-08-08 14:02:37", "service": "udyamreg", "session_id": "616fe20d-692f-42d4-b7db-12f1727f8fd5", "level": "INFO", "message": "Continue button clicked successfully"}
{"time": "2026-08-08 14:02:41", "service": "udyamreg", "session_id": "616fe20d-692f-42d4-b7db-12f1727f8fd5", "level": "INFO", "message": "GSTIN radio button clicked successfully"}
{"time": "2026-08-08 14:02:44", "service": "udyamreg", "session_id": "616fe20d-692f-42d4-b7db-12f1727f8fd5", "level": "INFO", "message": "Investment section scrolled to successfully"}
{"time": "2026-08-08 14:02:45", "service": "udyamreg", "session_id": "616fe20d-692f-42d4-b7db-12f1727f8fd5", "level": "INFO", "message": "Enterprise Details filled successfully"}
{"time": "2026-08-08 14:02:48", "service": "udyamreg", "session_id": "616fe20d-692f-42d4-b7db-12f1727f8fd5", "level": "INFO", "message": "Basic Details filled successfully"}
{"time": "2026-08-08 14:02:55", "service": "udyamreg", "session_id": "616fe20d-692f-42d4-b7db-12f1727f8fd5", "level": "INFO", "message": "Official address filled successfully"}
{"time": "2026-08-08 14:03:18", "service": "udyamreg", "session_id": "616fe20d-692f-42d4-b7db-12f1727f8fd5", "level": "INFO", "message": "Location of Plant(s)/Unit(s) filled successfully"}
{"time": "2026-08-08 14:03:20", "service": "udyamreg", "session_id": "616fe20d-692f-42d4-b7db-12f1727f8fd5", "level": "INFO", "message": "Previous EM-II/UAM Registration Number filled successfully"}
{"time": "2026-08-08 14:03:23", "service": "udyamreg", "session_id": "616fe20d-692f-42d4-b7db-12f1727f8fd5", "level": "INFO", "message": "Status of Enterprise filled successfully"}
{"time": "2026-08-08 14:03:29", "service": "udyamreg", "session_id": "616fe20d-692f-42d4-b7db-12f1727f8fd5", "level": "INFO", "message": "Bank Details filled successfully"}
{"time": "2026-08-08 14:03:32", "service": "udyamreg", "session_id": "616fe20d-692f-42d4-b7db-12f1727f8fd5", "level": "INFO", "message": "Major Activity filled successfully"}
{"time": "2026-08-08 14:03:44", "service": "udyamreg", "session_id": "616fe20d-692f-42d4-b7db-12f1727f8fd5", "level": "INFO", "message": "NIC section loaded successfully"}
{"time": "2026-08-08 14:03:54", "service": "udyamreg", "session_id": "616fe20d-692f-42d4-b7db-12f1727f8fd5", "level": "INFO", "message": "Add NIC 2,4,5 Activity Succussfully added"}
{"time": "2026-08-08 14:03:56", "service": "udyamreg", "session_id": "616fe20d-692f-42d4-b7db-12f1727f8fd5", "level": "INFO", "message": "Employees filled successfully 0"}
{"time": "2026-08-08 14:03:58", "service": "udyamreg", "session_id": "616fe20d-692f-42d4-b7db-12f1727f8fd5", "level": "INFO", "message": "Employees filled successfully 1"}
{"time": "2026-08-08 14:04:00", "service": "udyamreg", "session_id": "616fe20d-692f-42d4-b7db-12f1727f8fd5", "level": "INFO", "message": "Employees filled successfully 2"}
{"time": "2026-08-08 14:04:10", "service": "udyamreg", "session_id": "616fe20d-692f-42d4-b7db-12f1727f8fd5", "level": "INFO", "message": "Radio Buttons are Selected in Randomly"}
{"time": "2026-08-08 14:04:28", "service": "udyamreg", "session_id": "616fe20d-692f-42d4-b7db-12f1727f8fd5", "level": "INFO", "message": "Waiting for OTP"}
{"time": "2026-08-08 14:04:34", "service": "udyamreg", "session_id": "616fe20d-692f-42d4-b7db-12f1727f8fd5", "level": "INFO", "message": "OTP submitted"}
{"time": "2026-08-08 14:04:34", "service": "udyamreg", "session_id": "616fe20d-692f-42d4-b7db-12f1727f8fd5", "level": "INFO", "message": "OTP received"}
{"time": "2026-08-08 14:04:46", "service": "udyamreg", "session_id": "616fe20d-692f-42d4-b7db-12f1727f8fd5", "level": "INFO", "message": "Waiting for OTP"}
{"time": "2026-08-10 12:11:12", "service": "chennaipt", "session_id": "f6539d71-c9f3-451d-9b56-9a838b9e556a", "level": "INFO", "kind": "status", "message": "Automation started"}
{"time": "2026-08-10 12:11:12", "service": "chennaipt", "session_id": "f6539d71-c9f3-451d-9b56-9a838b9e556a", "level": "INFO", "kind": "status", "message": "Launching Chennai Professional Tax filing"}
{"time": "2026-08-10 12:11:14", "service": "chennaipt", "session_id": "f6539d71-c9f3-451d-9b56-9a838b9e556a", "level": "INFO", "kind": "status", "message": "Page Configuration"}
{"time": "2026-08-10 12:11:18", "service": "chennaipt", "session_id": "f6539d71-c9f3-451d-9b56-9a838b9e556a", "level": "INFO", "kind": "status", "message": "Page Login Started"}
{"time": "2026-08-10 12:11:28", "service": "chennaipt", "session_id": "f6539d71-c9f3-451d-9b56-9a838b9e556a", "level": "INFO", "kind": "status", "message": "Login Successful"}
{"time": "2026-08-10 12:11:30", "service": "chennaipt", "session_id": "f6539d71-c9f3-451d-9b56-9a838b9e556a", "level": "INFO", "kind": "status", "message": "Create service request"}
{"time": "2026-08-10 12:11:30", "service": "chennaipt", "session_id": "f6539d71-c9f3-451d-9b56-9a838b9e556a", "level": "INFO", "kind": "status", "message": "Create Service Request Clicked"}
{"time": "2026-08-10 12:11:32", "service": "chennaipt", "session_id": "f6539d71-c9f3-451d-9b56-9a838b9e556a", "level": "INFO", "kind": "status", "message": "Select service"}
{"time": "2026-08-10 12:11:33", "service": "chennaipt", "session_id": "f6539d71-c9f3-451d-9b56-9a838b9e556a", "level": "INFO", "kind": "status", "message": "Professional Tax Selected"}
{"time": "2026-08-10 12:11:35", "service": "chennaipt", "session_id": "f6539d71-c9f3-451d-9b56-9a838b9e556a", "level": "INFO", "kind": "status", "message": "Starting the filings"}
{"time": "2026-08-10 12:11:40", "service": "chennaipt", "session_id": "f6539d71-c9f3-451d-9b56-9a838b9e556a", "level": "INFO", "kind": "status", "message": "Popup URL : https://erp.chennaicorporation.gov.in/egproftax/citizen/create/citizenProfTaxAssessee!newform.action?serviceRegId=187&requestID=EGPROFTAX-187-7794836"}
{"time": "2026-08-10 12:11:41", "service": "chennaipt", "session_id": "f6539d71-c9f3-451d-9b56-9a838b9e556a", "level": "INFO", "kind": "status", "message": "Final URL : https://erp.chennaicorporation.gov.in/egproftax/citizen/create/citizenProfTaxAssessee!newform.action?serviceRegId=187&requestID=EGPROFTAX-187-7794836"}
{"time": "2026-08-10 12:11:41", "service": "chennaipt", "session_id": "f6539d71-c9f3-451d-9b56-9a838b9e556a", "level": "INFO", "kind": "status", "message": "Final Title : eGov-Professional Tax - Return Filing"}
{"time": "2026-08-10 12:44:11", "service": "chennaipt", "session_id": "30b71f9f-e5a3-46a3-879a-c4e1d0f3d493", "level": "INFO", "kind": "status", "message": "Automation started"}
{"time": "2026-08-10 12:44:11", "service": "chennaipt", "session_id": "30b71f9f-e5a3-46a3-879a-c4e1d0f3d493", "level": "INFO", "kind": "status", "message": "Launching Chennai Professional Tax filing"}
{"time": "2026-08-10 12:44:13", "service": "chennaipt", "session_id": "30b71f9f-e5a3-46a3-879a-c4e1d0f3d493", "level": "INFO", "kind": "status", "message": "Page Configuration"}
{"time": "2026-08-10 12:44:17", "service": "chennaipt", "session_id": "30b71f9f-e5a3-46a3-879a-c4e1d0f3d493", "level": "INFO", "kind": "status", "message": "Page Login Started"}
{"time": "2026-08-10 12:44:26", "service": "chennaipt", "session_id": "30b71f9f-e5a3-46a3-879a-c4e1d0f3d493", "level": "INFO", "kind": "status", "message": "Login Successful"}
{"time": "2026-08-10 12:44:28", "service": "chennaipt", "session_id": "30b71f9f-e5a3-46a3-879a-c4e1d0f3d493", "level": "INFO", "kind": "status", "message": "Create service request"}
{"time": "2026-08-10 12:44:28", "service": "chennaipt", "session_id": "30b71f9f-e5a3-46a3-879a-c4e1d0f3d493", "level": "INFO", "kind": "status", "message": "Create Service Request Clicked"}
{"time": "2026-08-10 12:44:30", "service": "chennaipt", "session_id": "30b71f9f-e5a3-46a3-879a-c4e1d0f3d493", "level": "INFO", "kind": "status", "message": "Select service"}
{"time": "2026-08-10 12:44:31", "service": "chennaipt", "session_id": "30b71f9f-e5a3-46a3-879a-c4e1d0f3d493", "level": "INFO", "kind": "status", "message": "Professional Tax Selected"}
{"time": "2026-08-10 12:44:33", "service": "chennaipt", "session_id": "30b71f9f-e5a3-46a3-879a-c4e1d0f3d493", "level": "INFO", "kind": "status", "message": "Starting the filings"}
{"time": "2026-08-10 12:44:42", "service": "chennaipt", "session_id": "30b71f9f-e5a3-46a3-879a-c4e1d0f3d493", "level": "INFO", "kind": "status", "message": "Popup URL : https://erp.chennaicorporation.gov.in/egproftax/citizen/create/citizenProfTaxAssessee!newform.action?serviceRegId=187&requestID=EGPROFTAX-187-2506795"}
{"time": "2026-08-10 12:44:44", "service": "chennaipt", "session_id": "30b71f9f-e5a3-46a3-879a-c4e1d0f3d493", "level": "INFO", "kind": "status", "message": "Final URL : https://erp.chennaicorporation.gov.in/egproftax/citizen/create/citizenProfTaxAssessee!newform.action?serviceRegId=187&requestID=EGPROFTAX-187-2506795"}
{"time": "2026-08-10 12:44:44", "service": "chennaipt", "session_id": "30b71f9f-e5a3-46a3-879a-c4e1d0f3d493", "level": "INFO", "kind": "status", "message": "Final Title : eGov-Professional Tax - Return Filing"}
{"time": "2026-08-10 12:44:46", "service": "chennaipt", "session_id": "30b71f9f-e5a3-46a3-879a-c4e1d0f3d493", "level": "INFO", "kind": "status", "message": "filling basic details"}
{"time": "2026-08-10 12:44:46", "service": "chennaipt", "session_id": "30b71f9f-e5a3-46a3-879a-c4e1d0f3d493", "level": "INFO", "kind": "status", "message": "Basic Details Filled"}
{"time": "2026-08-10 12:44:48", "service": "chennaipt", "session_id": "30b71f9f-e5a3-46a3-879a-c4e1d0f3d493", "level": "INFO", "kind": "status", "message": "filling property details"}
{"time": "2026-08-10 12:44:48", "service": "chennaipt", "session_id": "30b71f9f-e5a3-46a3-879a-c4e1d0f3d493", "level": "INFO", "kind": "status", "message": "Address Fetching it"}
{"time": "2026-08-10 12:44:49", "service": "chennaipt", "session_id": "30b71f9f-e5a3-46a3-879a-c4e1d0f3d493", "level": "INFO", "kind": "status", "message": "Error: 'NoneType' object has no attribute 'tag_name'"}
{"time": "2026-08-10 12:44:52", "service": "chennaipt", "session_id": "30b71f9f-e5a3-46a3-879a-c4e1d0f3d493", "level": "INFO", "kind": "status", "message": "Automation completed"}
{"time": "2026-08-10 13:09:17", "service": "epfo", "session_id": "fef8c1c9-8ca8-4a87-a1f6-e488af20198a", "level": "INFO", "kind": "status", "message": "Automation started"}
{"time": "2026-08-10 13:09:25", "service": "epfo", "session_id": "fef8c1c9-8ca8-4a87-a1f6-e488af20198a", "level": "INFO", "kind": "status", "message": "Launching EPFO onboarding"}
{"time": "2026-08-10 13:09:27", "service": "epfo", "session_id": "fef8c1c9-8ca8-4a87-a1f6-e488af20198a", "level": "INFO", "kind": "status", "message": "Login Started"}
{"time": "2026-08-10 13:09:32", "service": "epfo", "session_id": "fef8c1c9-8ca8-4a87-a1f6-e488af20198a", "level": "INFO", "kind": "status", "message": "Login Successful"}
{"time": "2026-08-10 13:09:32", "service": "epfo", "session_id": "fef8c1c9-8ca8-4a87-a1f6-e488af20198a", "level": "INFO", "kind": "status", "message": "Opening Member Registration"}
{"time": "2026-08-10 13:09:33", "service": "epfo", "session_id": "fef8c1c9-8ca8-4a87-a1f6-e488af20198a", "level": "INFO", "kind": "status", "message": "Member Registration Page Ready"}
{"time": "2026-08-10 13:09:35", "service": "epfo", "session_id": "fef8c1c9-8ca8-4a87-a1f6-e488af20198a", "level": "INFO", "kind": "status", "message": "102045023433 - added"}
{"time": "2026-08-10 13:09:35", "service": "epfo", "session_id": "fef8c1c9-8ca8-4a87-a1f6-e488af20198a", "level": "INFO", "kind": "status", "message": "Completed"}
{"time": "2026-08-10 13:09:35", "service": "epfo", "session_id": "fef8c1c9-8ca8-4a87-a1f6-e488af20198a", "level": "INFO", "kind": "status", "message": "Automation completed"}
{"time": "2026-08-10 13:10:46", "service": "udyamreg", "session_id": "13f4b31b-8342-425d-8e15-af381d9a19a3", "level": "INFO", "kind": "status", "message": "Automation started"}
{"time": "2026-08-10 13:10:46", "service": "udyamreg", "session_id": "13f4b31b-8342-425d-8e15-af381d9a19a3", "level": "INFO", "kind": "status", "message": "Launching Udyam automation"}
{"time": "2026-08-10 13:10:46", "service": "udyamreg", "session_id": "13f4b31b-8342-425d-8e15-af381d9a19a3", "level": "INFO", "kind": "status", "message": "Starting Udyam Registration"}
{"time": "2026-08-10 13:10:50", "service": "udyamreg", "session_id": "13f4b31b-8342-425d-8e15-af381d9a19a3", "level": "INFO", "kind": "status", "message": "Portal opened successfully"}
{"time": "2026-08-10 13:10:53", "service": "udyamreg", "session_id": "13f4b31b-8342-425d-8e15-af381d9a19a3", "level": "INFO", "kind": "status", "message": "Site loaded & button clicked successfully"}
{"time": "2026-08-10 13:10:53", "service": "udyamreg", "session_id": "13f4b31b-8342-425d-8e15-af381d9a19a3", "level": "INFO", "kind": "status", "message": "Portal Loaded Successfully"}
{"time": "2026-08-10 13:10:53", "service": "udyamreg", "session_id": "13f4b31b-8342-425d-8e15-af381d9a19a3", "level": "INFO", "kind": "status", "message": "Udyam Registration clicked successfully"}
{"time": "2026-08-10 13:10:53", "service": "udyamreg", "session_id": "13f4b31b-8342-425d-8e15-af381d9a19a3", "level": "INFO", "kind": "otp", "message": "OTP sent successfully"}
{"time": "2026-08-10 13:12:24", "service": "udyamreg", "session_id": "13f4b31b-8342-425d-8e15-af381d9a19a3", "level": "INFO", "kind": "status", "message": "Automation failed: Message: \nStacktrace:\n\tchromedriver!GetHandleVerifier [0x7ff626638935+14ce5]\n\tchromedriver!GetHandleVerifier [0x7ff626638990+14d40]\n\tchromedriver!(No symbol) [0x7ff626165afd]\n\tchromedriver!(No symbol) [0x7ff6261c0b59]\n\tchromedriver!(No symbol) [0x7ff6261c0e5c]\n\tchromedriver!(No symbol) [0x7ff6262118d7]\n\tchromedriver!(No symbol) [0x7ff62620e4ab]\n\tchromedriver!(No symbol) [0x7ff6261b308c]\n\tchromedriver!(No symbol) [0x7ff6261b3fb3]\n\tchromedriver!GetHandleVerifier [0x7ff626c6e5fb+64a9ab]\n\tchromedriver!GetHandleVerifier [0x7ff626c68b02+644eb2]\n\tchromedriver!GetHandleVerifier [0x7ff626c8e39e+66a74e]\n\tchromedriver!GetHandleVerifier [0x7ff626655d6e+3211e]\n\tchromedriver!GetHandleVerifier [0x7ff62665e51c+3a8cc]\n\tchromedriver!GetHandleVerifier [0x7ff626642844+1ebf4]\n\tchromedriver!GetHandleVerifier [0x7ff6266429d4+1ed84]\n\tchromedriver!GetHandleVerifier [0x7ff626625d07+20b7]\n\tKERNEL32!BaseThreadInitThunk [0x7ff9cde8e957+17]\n\tntdll!RtlUserThreadStart [0x7ff9cfa2ad6c+2c]\n"}
{"time": "2026-08-10 13:12:26", "service": "udyamreg", "session_id": "13f4b31b-8342-425d-8e15-af381d9a19a3", "level": "INFO", "kind": "status", "message": "Browser closed after error"}
{"time": "2026-08-10 13:12:26", "service": "udyamreg", "session_id": "13f4b31b-8342-425d-8e15-af381d9a19a3", "level": "ERROR", "kind": "status", "message": "Error: Message: \nStacktrace:\n\tchromedriver!GetHandleVerifier [0x7ff626638935+14ce5]\n\tchromedriver!GetHandleVerifier [0x7ff626638990+14d40]\n\tchromedriver!(No symbol) [0x7ff626165afd]\n\tchromedriver!(No symbol) [0x7ff6261c0b59]\n\tchromedriver!(No symbol) [0x7ff6261c0e5c]\n\tchromedriver!(No symbol) [0x7ff6262118d7]\n\tchromedriver!(No symbol) [0x7ff62620e4ab]\n\tchromedriver!(No symbol) [0x7ff6261b308c]\n\tchromedriver!(No symbol) [0x7ff6261b3fb3]\n\tchromedriver!GetHandleVerifier [0x7ff626c6e5fb+64a9ab]\n\tchromedriver!GetHandleVerifier [0x7ff626c68b02+644eb2]\n\tchromedriver!GetHandleVerifier [0x7ff626c8e39e+66a74e]\n\tchromedriver!GetHandleVerifier [0x7ff626655d6e+3211e]\n\tchromedriver!GetHandleVerifier [0x7ff62665e51c+3a8cc]\n\tchromedriver!GetHandleVerifier [0x7ff626642844+1ebf4]\n\tchromedriver!GetHandleVerifier [0x7ff6266429d4+1ed84]\n\tchromedriver!GetHandleVerifier [0x7ff626625d07+20b7]\n\tKERNEL32!BaseThreadInitThunk [0x7ff9cde8e957+17]\n\tntdll!RtlUserThreadStart [0x7ff9cfa2ad6c+2c]\n"}
{"time": "2026-08-18 14:16:01", "service": "chennaipt", "session_id": "f0cb83cb-057e-4067-8a64-67c5c2f4cb7b", "level": "INFO", "kind": "status", "message": "Automation started"}
{"time": "2026-08-18 14:16:02", "service": "chennaipt", "session_id": "f0cb83cb-057e-4067-8a64-67c5c2f4cb7b", "level": "INFO", "kind": "status", "message": "Launching Chennai Professional Tax filing"}
{"time": "2026-08-18 14:16:04", "service": "chennaipt", "session_id": "f0cb83cb-057e-4067-8a64-67c5c2f4cb7b", "level": "INFO", "kind": "status", "message": "Page Configuration"}
{"time": "2026-08-18 14:16:13", "service": "chennaipt", "session_id": "f0cb83cb-057e-4067-8a64-67c5c2f4cb7b", "level": "INFO", "kind": "status", "message": "Page Login Started"}
{"time": "2026-08-18 14:16:16", "service": "chennaipt", "session_id": "f0cb83cb-057e-4067-8a64-67c5c2f4cb7b", "level": "INFO", "kind": "status", "message": "Login Successful"}
{"time": "2026-08-18 14:16:18", "service": "chennaipt", "session_id": "f0cb83cb-057e-4067-8a64-67c5c2f4cb7b", "level": "INFO", "kind": "status", "message": "Create service request"}
{"time": "2026-08-18 14:16:18", "service": "chennaipt", "session_id": "f0cb83cb-057e-4067-8a64-67c5c2f4cb7b", "level": "INFO", "kind": "status", "message": "Error: Message: aborted by navigation: Not attached to an active page\n  (Session info: chrome=151.0.7922.138)\nStacktrace:\n\tchromedriver!GetHandleVerifier [0x7ff7f2a9abb5+151b5]\n\tchromedriver!GetHandleVerifier [0x7ff7f2a9ac10+15210]\n\tchromedriver!(No symbol) [0x7ff7f25c5d6d]\n\tchromedriver!(No symbol) [0x7ff7f25b23c8]\n\tchromedriver!(No symbol) [0x7ff7f25b0835]\n\tchromedriver!(No symbol) [0x7ff7f25b0da2]\n\tchromedriver!(No symbol) [0x7ff7f25af5c6]\n\tchromedriver!(No symbol) [0x7ff7f25b52e5]\n\tchromedriver!(No symbol) [0x7ff7f266f4bf]\n\tchromedriver!(No symbol) [0x7ff7f26137cc]\n\tchromedriver!(No symbol) [0x7ff7f26146f3]\n\tchromedriver!GetHandleVerifier [0x7ff7f30bb79b+635d9b]\n\tchromedriver!GetHandleVerifier [0x7ff7f30b5ac6+6300c6]\n\tchromedriver!GetHandleVerifier [0x7ff7f30dbcee+6562ee]\n\tchromedriver!GetHandleVerifier [0x7ff7f2ab8ffe+335fe]\n\tchromedriver!GetHandleVerifier [0x7ff7f2ac147c+3ba7c]\n\tchromedriver!GetHandleVerifier [0x7ff7f2aa4d64+1f364]\n\tchromedriver!GetHandleVerifier [0x7ff7f2aa4ef4+1f4f4]\n\tchromedriver!GetHandleVerifier [0x7ff7f2a87d97+2397]\n\tKERNEL32!BaseThreadInitThunk [0x7fff8394ccb7+17]\n\tntdll!RtlUserThreadStart [0x7fff8460ad6c+2c]\n"}
{"time": "2026-08-18 14:16:20", "service": "chennaipt", "session_id": "f0cb83cb-057e-4067-8a64-67c5c2f4cb7b", "level": "INFO", "kind": "status", "message": "Automation completed"}
{"time": "2026-08-18 15:13:34", "service": "chennaipt", "session_id": "d0c81d6f-ea86-491c-9a1a-a5300ecda552", "level": "INFO", "kind": "status", "message": "Automation started"}
{"time": "2026-08-18 15:13:35", "service": "chennaipt", "session_id": "d0c81d6f-ea86-491c-9a1a-a5300ecda552", "level": "INFO", "kind": "status", "message": "Launching Chennai Professional Tax filing"}
{"time": "2026-08-18 15:13:37", "service": "chennaipt", "session_id": "d0c81d6f-ea86-491c-9a1a-a5300ecda552", "level": "INFO", "kind": "status", "message": "Page Configuration"}
{"time": "2026-08-18 15:13:41", "service": "chennaipt", "session_id": "d0c81d6f-ea86-491c-9a1a-a5300ecda552", "level": "INFO", "kind": "status", "message": "Page Login Started"}
{"time": "2026-08-18 15:13:41", "service": "chennaipt", "session_id": "d0c81d6f-ea86-491c-9a1a-a5300ecda552", "level": "INFO", "kind": "status", "message": "Error: Message: invalid session id: session deleted as the browser has closed the connection\nfrom disconnected: not connected to DevTools\n  (Session info: chrome=151.0.7922.138); For documentation on this error, please visit: https://www.selenium.dev/documentation/webdriver/troubleshooting/errors#invalidsessionidexception\nStacktrace:\n\tchromedriver!GetHandleVerifier [0x7ff7f2a9abb5+151b5]\n\tchromedriver!GetHandleVerifier [0x7ff7f2a9ac10+15210]\n\tchromedriver!(No symbol) [0x7ff7f25c5d6d]\n\tchromedriver!(No symbol) [0x7ff7f25b15c2]\n\tchromedriver!(No symbol) [0x7ff7f25d74a1]\n\tchromedriver!(No symbol) [0x7ff7f2651320]\n\tchromedriver!(No symbol) [0x7ff7f266e4f2]\n\tchromedriver!(No symbol) [0x7ff7f26137cc]\n\tchromedriver!(No symbol) [0x7ff7f26146f3]\n\tchromedriver!GetHandleVerifier [0x7ff7f30bb79b+635d9b]\n\tchromedriver!GetHandleVerifier [0x7ff7f30b5ac6+6300c6]\n\tchromedriver!GetHandleVerifier [0x7ff7f30dbcee+6562ee]\n\tchromedriver!GetHandleVerifier [0x7ff7f2ab8ffe+335fe]\n\tchromedriver!GetHandleVerifier [0x7ff7f2ac147c+3ba7c]\n\tchromedriver!GetHandleVerifier [0x7ff7f2aa4d64+1f364]\n\tchromedriver!GetHandleVerifier [0x7ff7f2aa4ef4+1f4f4]\n\tchromedriver!GetHandleVerifier [0x7ff7f2a87d97+2397]\n\tKERNEL32!BaseThreadInitThunk [0x7fff8394ccb7+17]\n\tntdll!RtlUserThreadStart [0x7fff8460ad6c+2c]\n"}
{"time": "2026-08-18 15:13:43", "service": "chennaipt", "session_id": "d0c81d6f-ea86-491c-9a1a-a5300ecda552", "level": "INFO", "kind": "status", "message": "Automation completed"}
{"time": "2026-08-18 15:26:41", "service": "chennaipt", "session_id": "69bf75cf-a9b0-4c03-9324-dcf906f787b5", "level": "INFO", "kind": "status", "message": "Automation started"}
{"time": "2026-08-18 15:26:41", "service": "chennaipt", "session_id": "69bf75cf-a9b0-4c03-9324-dcf906f787b5", "level": "INFO", "kind": "status", "message": "Launching Chennai Professional Tax filing"}
{"time": "2026-08-18 15:26:43", "service": "chennaipt", "session_id": "69bf75cf-a9b0-4c03-9324-dcf906f787b5", "level": "INFO", "kind": "status", "message": "Page Configuration"}
{"time": "2026-08-18 15:26:48", "service": "chennaipt", "session_id": "69bf75cf-a9b0-4c03-9324-dcf906f787b5", "level": "INFO", "kind": "status", "message": "Page Login Started"}
{"time": "2026-08-18 15:27:05", "service": "chennaipt", "session_id": "69bf75cf-a9b0-4c03-9324-dcf906f787b5", "level": "INFO", "kind": "status", "message": "Login Successful"}
{"time": "2026-08-18 15:27:07", "service": "chennaipt", "session_id": "69bf75cf-a9b0-4c03-9324-dcf906f787b5", "level": "INFO", "kind": "status", "message": "Create service request"}
{"time": "2026-08-18 15:27:07", "service": "chennaipt", "session_id": "69bf75cf-a9b0-4c03-9324-dcf906f787b5", "level": "INFO", "kind": "status", "message": "Error: Alert Text: User not found.\nPlease Register.\nMessage: unexpected alert open: {Alert text : User not found.\nPlease Register.}\n  (Session info: chrome=151.0.7922.138)\nStacktrace:\n\tchromedriver!GetHandleVerifier [0x7ff7f2a9abb5+151b5]\n\tchromedriver!GetHandleVerifier [0x7ff7f2a9ac10+15210]\n\tchromedriver!(No symbol) [0x7ff7f25c5d6d]\n\tchromedriver!(No symbol) [0x7ff7f266f69e]\n\tchromedriver!(No symbol) [0x7ff7f26137cc]\n\tchromedriver!(No symbol) [0x7ff7f26146f3]\n\tchromedriver!GetHandleVerifier [0x7ff7f30bb79b+635d9b]\n\tchromedriver!GetHandleVerifier [0x7ff7f30b5ac6+6300c6]\n\tchromedriver!GetHandleVerifier [0x7ff7f30dbcee+6562ee]\n\tchromedriver!GetHandleVerifier [0x7ff7f2ab8ffe+335fe]\n\tchromedriver!GetHandleVerifier [0x7ff7f2ac147c+3ba7c]\n\tchromedriver!GetHandleVerifier [0x7ff7f2aa4d64+1f364]\n\tchromedriver!GetHandleVerifier [0x7ff7f2aa4ef4+1f4f4]\n\tchromedriver!GetHandleVerifier [0x7ff7f2a87d97+2397]\n\tKERNEL32!BaseThreadInitThunk [0x7fff8394ccb7+17]\n\tntdll!RtlUserThreadStart [0x7fff8460ad6c+2c]\n"}
{"time": "2026-08-18 15:27:09", "service": "chennaipt", "session_id": "69bf75cf-a9b0-4c03-9324-dcf906f787b5", "level": "INFO", "kind": "status", "message": "Automation completed"}
{"time": "2026-08-18 15:28:57", "service": "chennaipt", "session_id": "0f5fa07d-1bd6-45bf-bd67-eae2c02be73d", "level": "INFO", "kind": "status", "message": "Automation started"}
{"time": "2026-08-18 15:28:57", "service": "chennaipt", "session_id": "0f5fa07d-1bd6-45bf-bd67-eae2c02be73d", "level": "INFO", "kind": "status", "message": "Launching Chennai Professional Tax filing"}
{"time": "2026-08-18 15:28:59", "service": "chennaipt", "session_id": "0f5fa07d-1bd6-45bf-bd67-eae2c02be73d", "level": "INFO", "kind": "status", "message": "Page Configuration"}
{"time": "2026-08-18 15:29:03", "service": "chennaipt", "session_id": "0f5fa07d-1bd6-45bf-bd67-eae2c02be73d", "level": "INFO", "kind": "status", "message": "Page Login Started"}
{"time": "2026-08-18 15:29:07", "service": "chennaipt", "session_id": "0f5fa07d-1bd6-45bf-bd67-eae2c02be73d", "level": "INFO", "kind": "status", "message": "Login Successful"}
{"time": "2026-08-18 15:29:09", "service": "chennaipt", "session_id": "0f5fa07d-1bd6-45bf-bd67-eae2c02be73d", "level": "INFO", "kind": "status", "message": "Create service request"}
{"time": "2026-08-18 15:29:09", "service": "chennaipt", "session_id": "0f5fa07d-1bd6-45bf-bd67-eae2c02be73d", "level": "INFO", "kind": "status", "message": "Error: Message: aborted by navigation: Not attached to an active page\n  (Session info: chrome=151.0.7922.138)\nStacktrace:\n\tchromedriver!GetHandleVerifier [0x7ff7f2a9abb5+151b5]\n\tchromedriver!GetHandleVerifier [0x7ff7f2a9ac10+15210]\n\tchromedriver!(No symbol) [0x7ff7f25c5d6d]\n\tchromedriver!(No symbol) [0x7ff7f25b23c8]\n\tchromedriver!(No symbol) [0x7ff7f25b0835]\n\tchromedriver!(No symbol) [0x7ff7f25b0da2]\n\tchromedriver!(No symbol) [0x7ff7f25af5c6]\n\tchromedriver!(No symbol) [0x7ff7f25b52e5]\n\tchromedriver!(No symbol) [0x7ff7f266f4bf]\n\tchromedriver!(No symbol) [0x7ff7f26137cc]\n\tchromedriver!(No symbol) [0x7ff7f26146f3]\n\tchromedriver!GetHandleVerifier [0x7ff7f30bb79b+635d9b]\n\tchromedriver!GetHandleVerifier [0x7ff7f30b5ac6+6300c6]\n\tchromedriver!GetHandleVerifier [0x7ff7f30dbcee+6562ee]\n\tchromedriver!GetHandleVerifier [0x7ff7f2ab8ffe+335fe]\n\tchromedriver!GetHandleVerifier [0x7ff7f2ac147c+3ba7c]\n\tchromedriver!GetHandleVerifier [0x7ff7f2aa4d64+1f364]\n\tchromedriver!GetHandleVerifier [0x7ff7f2aa4ef4+1f4f4]\n\tchromedriver!GetHandleVerifier [0x7ff7f2a87d97+2397]\n\tKERNEL32!BaseThreadInitThunk [0x7fff8394ccb7+17]\n\tntdll!RtlUserThreadStart [0x7fff8460ad6c+2c]\n"}
{"time": "2026-08-18 15:29:12", "service": "chennaipt", "session_id": "0f5fa07d-1bd6-45bf-bd67-eae2c02be73d", "level": "INFO", "kind": "status", "message": "Automation completed"}
{"time": "2026-08-18 15:29:48", "service": "chennaipt", "session_id": "cba28645-5525-48e6-8ef2-b31d842d28c2", "level": "INFO", "kind": "status", "message": "Automation started"}
{"time": "2026-08-18 15:29:48", "service": "chennaipt", "session_id": "cba28645-5525-48e6-8ef2-b31d842d28c2", "level": "INFO", "kind": "status", "message": "Launching Chennai Professional Tax filing"}
{"time": "2026-08-18 15:29:50", "service": "chennaipt", "session_id": "cba28645-5525-48e6-8ef2-b31d842d28c2", "level": "INFO", "kind": "status", "message": "Page Configuration"}
{"time": "2026-08-18 15:29:54", "service": "chennaipt", "session_id": "cba28645-5525-48e6-8ef2-b31d842d28c2", "level": "INFO", "kind": "status", "message": "Page Login Started"}
{"time": "2026-08-18 15:29:55", "service": "chennaipt", "session_id": "cba28645-5525-48e6-8ef2-b31d842d28c2", "level": "INFO", "kind": "status", "message": "Error: Message: no such window: target window already closed\nfrom unknown error: web view not found\n  (Session info: chrome=151.0.7922.138)\nStacktrace:\n\tchromedriver!GetHandleVerifier [0x7ff7f2a9abb5+151b5]\n\tchromedriver!GetHandleVerifier [0x7ff7f2a9ac10+15210]\n\tchromedriver!(No symbol) [0x7ff7f25c5d6d]\n\tchromedriver!(No symbol) [0x7ff7f259cc52]\n\tchromedriver!(No symbol) [0x7ff7f26510c6]\n\tchromedriver!(No symbol) [0x7ff7f266e4f2]\n\tchromedriver!(No symbol) [0x7ff7f26137cc]\n\tchromedriver!(No symbol) [0x7ff7f26146f3]\n\tchromedriver!GetHandleVerifier [0x7ff7f30bb79b+635d9b]\n\tchromedriver!GetHandleVerifier [0x7ff7f30b5ac6+6300c6]\n\tchromedriver!GetHandleVerifier [0x7ff7f30dbcee+6562ee]\n\tchromedriver!GetHandleVerifier [0x7ff7f2ab8ffe+335fe]\n\tchromedriver!GetHandleVerifier [0x7ff7f2ac147c+3ba7c]\n\tchromedriver!GetHandleVerifier [0x7ff7f2aa4d64+1f364]\n\tchromedriver!GetHandleVerifier [0x7ff7f2aa4ef4+1f4f4]\n\tchromedriver!GetHandleVerifier [0x7ff7f2a87d97+2397]\n\tKERNEL32!BaseThreadInitThunk [0x7fff8394ccb7+17]\n\tntdll!RtlUserThreadStart [0x7fff8460ad6c+2c]\n"}
{"time": "2026-08-18 15:29:57", "service": "chennaipt", "session_id": "cba28645-5525-48e6-8ef2-b31d842d28c2", "level": "INFO", "kind": "status", "message": "Automation completed"}
{"time": "2026-08-19 15:11:57", "service": "chennaipt", "session_id": "c786dd4e-46e2-427e-b803-5521cca43967", "level": "INFO", "kind": "status", "message": "Automation started"}
{"time": "2026-08-19 15:11:58", "service": "chennaipt", "session_id": "c786dd4e-46e2-427e-b803-5521cca43967", "level": "INFO", "kind": "status", "message": "Launching Chennai Professional Tax filing"}
{"time": "2026-08-19 15:12:00", "service": "chennaipt", "session_id": "c786dd4e-46e2-427e-b803-5521cca43967", "level": "INFO", "kind": "status", "message": "Page Configuration"}
{"time": "2026-08-19 15:12:05", "service": "chennaipt", "session_id": "c786dd4e-46e2-427e-b803-5521cca43967", "level": "INFO", "kind": "status", "message": "Page Login Started"}
{"time": "2026-08-19 15:12:09", "service": "chennaipt", "session_id": "c786dd4e-46e2-427e-b803-5521cca43967", "level": "INFO", "kind": "status", "message": "Login Successful"}
{"time": "2026-08-19 15:12:11", "service": "chennaipt", "session_id": "c786dd4e-46e2-427e-b803-5521cca43967", "level": "INFO", "kind": "status", "message": "Create service request"}
{"time": "2026-08-19 15:12:11", "service": "chennaipt", "session_id": "c786dd4e-46e2-427e-b803-5521cca43967", "level": "INFO", "kind": "status", "message": "Error: Alert Text: User not found.\nPlease Register.\nMessage: unexpected alert open: {Alert text : User not found.\nPlease Register.}\n  (Session info: chrome=151.0.7922.140)\nStacktrace:\n\tchromedriver!GetHandleVerifier [0x7ff72824abb5+151b5]\n\tchromedriver!GetHandleVerifier [0x7ff72824ac10+15210]\n\tchromedriver!(No symbol) [0x7ff727d75d6d]\n\tchromedriver!(No symbol) [0x7ff727e1f69e]\n\tchromedriver!(No symbol) [0x7ff727dc37cc]\n\tchromedriver!(No symbol) [0x7ff727dc46f3]\n\tchromedriver!GetHandleVerifier [0x7ff72886b79b+635d9b]\n\tchromedriver!GetHandleVerifier [0x7ff728865ac6+6300c6]\n\tchromedriver!GetHandleVerifier [0x7ff72888bcee+6562ee]\n\tchromedriver!GetHandleVerifier [0x7ff728268ffe+335fe]\n\tchromedriver!GetHandleVerifier [0x7ff72827147c+3ba7c]\n\tchromedriver!GetHandleVerifier [0x7ff728254d64+1f364]\n\tchromedriver!GetHandleVerifier [0x7ff728254ef4+1f4f4]\n\tchromedriver!GetHandleVerifier [0x7ff728237d97+2397]\n\tKERNEL32!BaseThreadInitThunk [0x7fff8394ccb7+17]\n\tntdll!RtlUserThreadStart [0x7fff8460ad6c+2c]\n"}
{"time": "2026-08-19 15:12:14", "service": "chennaipt", "session_id": "c786dd4e-46e2-427e-b803-5521cca43967", "level": "INFO", "kind": "status", "message": "Automation completed"}
{"time": "2026-08-19 15:12:30", "service": "chennaipt", "session_id": "b708d5e9-ae2a-4251-a744-3925f3e21020", "level": "INFO", "kind": "status", "message": "Automation started"}
{"time": "2026-08-19 15:12:30", "service": "chennaipt", "session_id": "b708d5e9-ae2a-4251-a744-3925f3e21020", "level": "INFO", "kind": "status", "message": "Launching Chennai Professional Tax filing"}
{"time": "2026-08-19 15:12:32", "service": "chennaipt", "session_id": "b708d5e9-ae2a-4251-a744-3925f3e21020", "level": "INFO", "kind": "status", "message": "Page Configuration"}
{"time": "2026-08-19 15:12:36", "service": "chennaipt", "session_id": "b708d5e9-ae2a-4251-a744-3925f3e21020", "level": "INFO", "kind": "status", "message": "Page Login Started"}
{"time": "2026-08-19 15:12:37", "service": "chennaipt", "session_id": "b708d5e9-ae2a-4251-a744-3925f3e21020", "level": "INFO", "kind": "status", "message": "Error: Message: no such window: target window already closed\nfrom unknown error: web view not found\n  (Session info: chrome=151.0.7922.140)\nStacktrace:\n\tchromedriver!GetHandleVerifier [0x7ff72824abb5+151b5]\n\tchromedriver!GetHandleVerifier [0x7ff72824ac10+15210]\n\tchromedriver!(No symbol) [0x7ff727d75d6d]\n\tchromedriver!(No symbol) [0x7ff727d4cc52]\n\tchromedriver!(No symbol) [0x7ff727e010c6]\n\tchromedriver!(No symbol) [0x7ff727e1e4f2]\n\tchromedriver!(No symbol) [0x7ff727dc37cc]\n\tchromedriver!(No symbol) [0x7ff727dc46f3]\n\tchromedriver!GetHandleVerifier [0x7ff72886b79b+635d9b]\n\tchromedriver!GetHandleVerifier [0x7ff728865ac6+6300c6]\n\tchromedriver!GetHandleVerifier [0x7ff72888bcee+6562ee]\n\tchromedriver!GetHandleVerifier [0x7ff728268ffe+335fe]\n\tchromedriver!GetHandleVerifier [0x7ff72827147c+3ba7c]\n\tchromedriver!GetHandleVerifier [0x7ff728254d64+1f364]\n\tchromedriver!GetHandleVerifier [0x7ff728254ef4+1f4f4]\n\tchromedriver!GetHandleVerifier [0x7ff728237d97+2397]\n\tKERNEL32!BaseThreadInitThunk [0x7fff8394ccb7+17]\n\tntdll!RtlUserThreadStart [0x7fff8460ad6c+2c]\n"}
{"time": "2026-08-19 15:12:40", "service": "chennaipt", "session_id": "b708d5e9-ae2a-4251-a744-3925f3e21020", "level": "INFO", "kind": "status", "message": "Automation completed"}
{"time": "2026-08-19 15:33:49", "service": "udyamreg", "session_id": "599c9036-f1d3-4c7d-9c93-2cc65f1513e0", "level": "INFO", "kind": "status", "message": "Automation started"}
{"time": "2026-08-19 15:34:05", "service": "udyamreg", "session_id": "599c9036-f1d3-4c7d-9c93-2cc65f1513e0", "level": "INFO", "kind": "status", "message": "Launching Udyam automation"}
{"time": "2026-08-19 15:34:05", "service": "udyamreg", "session_id": "599c9036-f1d3-4c7d-9c93-2cc65f1513e0", "level": "INFO", "kind": "status", "message": "Starting Udyam Registration"}
{"time": "2026-08-19 15:34:09", "service": "udyamreg", "session_id": "599c9036-f1d3-4c7d-9c93-2cc65f1513e0", "level": "INFO", "kind": "status", "message": "Portal opened successfully"}
{"time": "2026-08-19 15:34:10", "service": "udyamreg", "session_id": "599c9036-f1d3-4c7d-9c93-2cc65f1513e0", "level": "INFO", "kind": "status", "message": "Site loaded & button clicked successfully"}
{"time": "2026-08-19 15:34:10", "service": "udyamreg", "session_id": "599c9036-f1d3-4c7d-9c93-2cc65f1513e0", "level": "INFO", "kind": "status", "message": "Portal Loaded Successfully"}
{"time": "2026-08-19 15:34:10", "service": "udyamreg", "session_id": "599c9036-f1d3-4c7d-9c93-2cc65f1513e0", "level": "INFO", "kind": "status", "message": "Udyam Registration clicked successfully"}
{"time": "2026-08-19 15:34:10", "service": "udyamreg", "session_id": "599c9036-f1d3-4c7d-9c93-2cc65f1513e0", "level": "INFO", "kind": "status", "message": "Automation failed: Message: no such window: target window already closed\nfrom unknown error: web view not found\n  (Session info: chrome=151.0.7922.140)\nStacktrace:\n\tchromedriver!GetHandleVerifier [0x7ff72824abb5+151b5]\n\tchromedriver!GetHandleVerifier [0x7ff72824ac10+15210]\n\tchromedriver!(No symbol) [0x7ff727d75d6d]\n\tchromedriver!(No symbol) [0x7ff727d4cc52]\n\tchromedriver!(No symbol) [0x7ff727e010c6]\n\tchromedriver!(No symbol) [0x7ff727e1e4f2]\n\tchromedriver!(No symbol) [0x7ff727dc37cc]\n\tchromedriver!(No symbol) [0x7ff727dc46f3]\n\tchromedriver!GetHandleVerifier [0x7ff72886b79b+635d9b]\n\tchromedriver!GetHandleVerifier [0x7ff728865ac6+6300c6]\n\tchromedriver!GetHandleVerifier [0x7ff72888bcee+6562ee]\n\tchromedriver!GetHandleVerifier [0x7ff728268ffe+335fe]\n\tchromedriver!GetHandleVerifier [0x7ff72827147c+3ba7c]\n\tchromedriver!GetHandleVerifier [0x7ff728254d64+1f364]\n\tchromedriver!GetHandleVerifier [0x7ff728254ef4+1f4f4]\n\tchromedriver!GetHandleVerifier [0x7ff728237d97+2397]\n\tKERNEL32!BaseThreadInitThunk [0x7fff8394ccb7+17]\n\tntdll!RtlUserThreadStart [0x7fff8460ad6c+2c]\n"}
{"time": "2026-08-19 15:34:13", "service": "udyamreg", "session_id": "599c9036-f1d3-4c7d-9c93-2cc65f1513e0", "level": "INFO", "kind": "status", "message": "Browser closed after error"}
{"time": "2026-08-19 15:34:13", "service": "udyamreg", "session_id": "599c9036-f1d3-4c7d-9c93-2cc65f1513e0", "level": "ERROR", "kind": "status", "message": "Error: Message: no such window: target window already closed\nfrom unknown error: web view not found\n  (Session info: chrome=151.0.7922.140)\nStacktrace:\n\tchromedriver!GetHandleVerifier [0x7ff72824abb5+151b5]\n\tchromedriver!GetHandleVerifier [0x7ff72824ac10+15210]\n\tchromedriver!(No symbol) [0x7ff727d75d6d]\n\tchromedriver!(No symbol) [0x7ff727d4cc52]\n\tchromedriver!(No symbol) [0x7ff727e010c6]\n\tchromedriver!(No symbol) [0x7ff727e1e4f2]\n\tchromedriver!(No symbol) [0x7ff727dc37cc]\n\tchromedriver!(No symbol) [0x7ff727dc46f3]\n\tchromedriver!GetHandleVerifier [0x7ff72886b79b+635d9b]\n\tchromedriver!GetHandleVerifier [0x7ff728865ac6+6300c6]\n\tchromedriver!GetHandleVerifier [0x7ff72888bcee+6562ee]\n\tchromedriver!GetHandleVerifier [0x7ff728268ffe+335fe]\n\tchromedriver!GetHandleVerifier [0x7ff72827147c+3ba7c]\n\tchromedriver!GetHandleVerifier [0x7ff728254d64+1f364]\n\tchromedriver!GetHandleVerifier [0x7ff728254ef4+1f4f4]\n\tchromedriver!GetHandleVerifier [0x7ff728237d97+2397]\n\tKERNEL32!BaseThreadInitThunk [0x7fff8394ccb7+17]\n\tntdll!RtlUserThreadStart [0x7fff8460ad6c+2c]\n"}
{"time": "2026-08-19 15:42:26", "service": "udyamreg", "session_id": "d0fc026d-8a72-44af-804f-d56125ebbc55", "level": "INFO", "kind": "status", "message": "Automation started"}
{"time": "2026-08-19 15:42:26", "service": "udyamreg", "session_id": "d0fc026d-8a72-44af-804f-d56125ebbc55", "level": "INFO", "kind": "status", "message": "Launching Udyam automation"}
{"time": "2026-08-19 15:42:26", "service": "udyamreg", "session_id": "d0fc026d-8a72-44af-804f-d56125ebbc55", "level": "INFO", "kind": "status", "message": "Starting Udyam Registration"}
{"time": "2026-08-19 15:42:29", "service": "udyamreg", "session_id": "d0fc026d-8a72-44af-804f-d56125ebbc55", "level": "INFO", "kind": "status", "message": "Portal opened successfully"}
{"time": "2026-08-19 15:42:30", "service": "udyamreg", "session_id": "d0fc026d-8a72-44af-804f-d56125ebbc55", "level": "INFO", "kind": "status", "message": "Site loaded & button clicked successfully"}
{"time": "2026-08-19 15:42:30", "service": "udyamreg", "session_id": "d0fc026d-8a72-44af-804f-d56125ebbc55", "level": "INFO", "kind": "status", "message": "Portal Loaded Successfully"}
{"time": "2026-08-19 15:42:30", "service": "udyamreg", "session_id": "d0fc026d-8a72-44af-804f-d56125ebbc55", "level": "INFO", "kind": "status", "message": "Udyam Registration clicked successfully"}
{"time": "2026-08-19 15:42:31", "service": "udyamreg", "session_id": "d0fc026d-8a72-44af-804f-d56125ebbc55", "level": "INFO", "kind": "otp", "message": "OTP sent successfully"}
{"time": "2026-08-19 15:42:34", "service": "udyamreg", "session_id": "d0fc026d-8a72-44af-804f-d56125ebbc55", "level": "INFO", "kind": "status", "message": "Automation failed: Message: invalid session id: session deleted as the browser has closed the connection\nfrom disconnected: not connected to DevTools\n  (Session info: chrome=151.0.7922.140); For documentation on this error, please visit: https://www.selenium.dev/documentation/webdriver/troubleshooting/errors#invalidsessionidexception\nStacktrace:\n\tchromedriver!GetHandleVerifier [0x7ff72824abb5+151b5]\n\tchromedriver!GetHandleVerifier [0x7ff72824ac10+15210]\n\tchromedriver!(No symbol) [0x7ff727d75d6d]\n\tchromedriver!(No symbol) [0x7ff727d615c2]\n\tchromedriver!(No symbol) [0x7ff727d874a1]\n\tchromedriver!(No symbol) [0x7ff727e01320]\n\tchromedriver!(No symbol) [0x7ff727e1e4f2]\n\tchromedriver!(No symbol) [0x7ff727dc37cc]\n\tchromedriver!(No symbol) [0x7ff727dc46f3]\n\tchromedriver!GetHandleVerifier [0x7ff72886b79b+635d9b]\n\tchromedriver!GetHandleVerifier [0x7ff728865ac6+6300c6]\n\tchromedriver!GetHandleVerifier [0x7ff72888bcee+6562ee]\n\tchromedriver!GetHandleVerifier [0x7ff728268ffe+335fe]\n\tchromedriver!GetHandleVerifier [0x7ff72827147c+3ba7c]\n\tchromedriver!GetHandleVerifier [0x7ff728254d64+1f364]\n\tchromedriver!GetHandleVerifier [0x7ff728254ef4+1f4f4]\n\tchromedriver!GetHandleVerifier [0x7ff728237d97+2397]\n\tKERNEL32!BaseThreadInitThunk [0x7fff8394ccb7+17]\n\tntdll!RtlUserThreadStart [0x7fff8460ad6c+2c]\n"}
{"time": "2026-08-19 15:42:37", "service": "udyamreg", "session_id": "d0fc026d-8a72-44af-804f-d56125ebbc55", "level": "INFO", "kind": "status", "message": "Browser closed after error"}
{"time": "2026-08-19 15:42:37", "service": "udyamreg", "session_id": "d0fc026d-8a72-44af-804f-d56125ebbc55", "level": "ERROR", "kind": "status", "message": "Error: Message: invalid session id: session deleted as the browser has closed the connection\nfrom disconnected: not connected to DevTools\n  (Session info: chrome=151.0.7922.140); For documentation on this error, please visit: https://www.selenium.dev/documentation/webdriver/troubleshooting/errors#invalidsessionidexception\nStacktrace:\n\tchromedriver!GetHandleVerifier [0x7ff72824abb5+151b5]\n\tchromedriver!GetHandleVerifier [0x7ff72824ac10+15210]\n\tchromedriver!(No symbol) [0x7ff727d75d6d]\n\tchromedriver!(No symbol) [0x7ff727d615c2]\n\tchromedriver!(No symbol) [0x7ff727d874a1]\n\tchromedriver!(No symbol) [0x7ff727e01320]\n\tchromedriver!(No symbol) [0x7ff727e1e4f2]\n\tchromedriver!(No symbol) [0x7ff727dc37cc]\n\tchromedriver!(No symbol) [0x7ff727dc46f3]\n\tchromedriver!GetHandleVerifier [0x7ff72886b79b+635d9b]\n\tchromedriver!GetHandleVerifier [0x7ff728865ac6+6300c6]\n\tchromedriver!GetHandleVerifier [0x7ff72888bcee+6562ee]\n\tchromedriver!GetHandleVerifier [0x7ff728268ffe+335fe]\n\tchromedriver!GetHandleVerifier [0x7ff72827147c+3ba7c]\n\tchromedriver!GetHandleVerifier [0x7ff728254d64+1f364]\n\tchromedriver!GetHandleVerifier [0x7ff728254ef4+1f4f4]\n\tchromedriver!GetHandleVerifier [0x7ff728237d97+2397]\n\tKERNEL32!BaseThreadInitThunk [0x7fff8394ccb7+17]\n\tntdll!RtlUserThreadStart [0x7fff8460ad6c+2c]\n"}
{"time": "2026-08-19 15:45:18", "service": "udyamreg", "session_id": "4ad4ce95-c1a1-45eb-84c7-893d6b201375", "level": "INFO", "kind": "status", "message": "Automation started"}
{"time": "2026-08-19 15:45:18", "service": "udyamreg", "session_id": "4ad4ce95-c1a1-45eb-84c7-893d6b201375", "level": "INFO", "kind": "status", "message": "Launching Udyam automation"}
{"time": "2026-08-19 15:45:18", "service": "udyamreg", "session_id": "4ad4ce95-c1a1-45eb-84c7-893d6b201375", "level": "INFO", "kind": "status", "message": "Starting Udyam Registration"}
{"time": "2026-08-19 15:45:26", "service": "udyamreg", "session_id": "4ad4ce95-c1a1-45eb-84c7-893d6b201375", "level": "INFO", "kind": "status", "message": "Portal opened successfully"}
{"time": "2026-08-19 15:45:27", "service": "udyamreg", "session_id": "4ad4ce95-c1a1-45eb-84c7-893d6b201375", "level": "INFO", "kind": "status", "message": "Site loaded & button clicked successfully"}
{"time": "2026-08-19 15:45:27", "service": "udyamreg", "session_id": "4ad4ce95-c1a1-45eb-84c7-893d6b201375", "level": "INFO", "kind": "status", "message": "Portal Loaded Successfully"}
{"time": "2026-08-19 15:45:27", "service": "udyamreg", "session_id": "4ad4ce95-c1a1-45eb-84c7-893d6b201375", "level": "INFO", "kind": "status", "message": "Udyam Registration clicked successfully"}
{"time": "2026-08-19 15:45:27", "service": "udyamreg", "session_id": "4ad4ce95-c1a1-45eb-84c7-893d6b201375", "level": "INFO", "kind": "otp", "message": "OTP sent successfully"}
{"time": "2026-08-19 15:46:38", "service": "udyamreg", "session_id": "4ad4ce95-c1a1-45eb-84c7-893d6b201375", "level": "INFO", "kind": "status", "message": "Automation failed: Message: no such window: target window already closed\nfrom unknown error: web view not found\n  (Session info: chrome=151.0.7922.140)\nStacktrace:\n\tchromedriver!GetHandleVerifier [0x7ff72824abb5+151b5]\n\tchromedriver!GetHandleVerifier [0x7ff72824ac10+15210]\n\tchromedriver!(No symbol) [0x7ff727d75d6d]\n\tchromedriver!(No symbol) [0x7ff727d4cc52]\n\tchromedriver!(No symbol) [0x7ff727e010c6]\n\tchromedriver!(No symbol) [0x7ff727e1e4f2]\n\tchromedriver!(No symbol) [0x7ff727dc37cc]\n\tchromedriver!(No symbol) [0x7ff727dc46f3]\n\tchromedriver!GetHandleVerifier [0x7ff72886b79b+635d9b]\n\tchromedriver!GetHandleVerifier [0x7ff728865ac6+6300c6]\n\tchromedriver!GetHandleVerifier [0x7ff72888bcee+6562ee]\n\tchromedriver!GetHandleVerifier [0x7ff728268ffe+335fe]\n\tchromedriver!GetHandleVerifier [0x7ff72827147c+3ba7c]\n\tchromedriver!GetHandleVerifier [0x7ff728254d64+1f364]\n\tchromedriver!GetHandleVerifier [0x7ff728254ef4+1f4f4]\n\tchromedriver!GetHandleVerifier [0x7ff728237d97+2397]\n\tKERNEL32!BaseThreadInitThunk [0x7fff8394ccb7+17]\n\tntdll!RtlUserThreadStart [0x7fff8460ad6c+2c]\n"}
{"time": "2026-08-19 15:46:41", "service": "udyamreg", "session_id": "4ad4ce95-c1a1-45eb-84c7-893d6b201375", "level": "INFO", "kind": "status", "message": "Browser closed after error"}
{"time": "2026-08-19 15:46:41", "service": "udyamreg", "session_id": "4ad4ce95-c1a1-45eb-84c7-893d6b201375", "level": "ERROR", "kind": "status", "message": "Error: Message: no such window: target window already closed\nfrom unknown error: web view not found\n  (Session info: chrome=151.0.7922.140)\nStacktrace:\n\tchromedriver!GetHandleVerifier [0x7ff72824abb5+151b5]\n\tchromedriver!GetHandleVerifier [0x7ff72824ac10+15210]\n\tchromedriver!(No symbol) [0x7ff727d75d6d]\n\tchromedriver!(No symbol) [0x7ff727d4cc52]\n\tchromedriver!(No symbol) [0x7ff727e010c6]\n\tchromedriver!(No symbol) [0x7ff727e1e4f2]\n\tchromedriver!(No symbol) [0x7ff727dc37cc]\n\tchromedriver!(No symbol) [0x7ff727dc46f3]\n\tchromedriver!GetHandleVerifier [0x7ff72886b79b+635d9b]\n\tchromedriver!GetHandleVerifier [0x7ff728865ac6+6300c6]\n\tchromedriver!GetHandleVerifier [0x7ff72888bcee+6562ee]\n\tchromedriver!GetHandleVerifier [0x7ff728268ffe+335fe]\n\tchromedriver!GetHandleVerifier [0x7ff72827147c+3ba7c]\n\tchromedriver!GetHandleVerifier [0x7ff728254d64+1f364]\n\tchromedriver!GetHandleVerifier [0x7ff728254ef4+1f4f4]\n\tchromedriver!GetHandleVerifier [0x7ff728237d97+2397]\n\tKERNEL32!BaseThreadInitThunk [0x7fff8394ccb7+17]\n\tntdll!RtlUserThreadStart [0x7fff8460ad6c+2c]\n"}
{"time": "2026-08-19 15:46:51", "service": "udyamreg", "session_id": "7bff3fce-c942-4b91-bb68-8b685212fcfc", "level": "INFO", "kind": "status", "message": "Automation started"}
{"time": "2026-08-19 15:46:51", "service": "udyamreg", "session_id": "7bff3fce-c942-4b91-bb68-8b685212fcfc", "level": "INFO", "kind": "status", "message": "Launching Udyam automation"}
{"time": "2026-08-19 15:46:51", "service": "udyamreg", "session_id": "7bff3fce-c942-4b91-bb68-8b685212fcfc", "level": "INFO", "kind": "status", "message": "Starting Udyam Registration"}
{"time": "2026-08-19 15:46:55", "service": "udyamreg", "session_id": "7bff3fce-c942-4b91-bb68-8b685212fcfc", "level": "INFO", "kind": "status", "message": "Portal opened successfully"}
{"time": "2026-08-19 15:46:56", "service": "udyamreg", "session_id": "7bff3fce-c942-4b91-bb68-8b685212fcfc", "level": "INFO", "kind": "status", "message": "Site loaded & button clicked successfully"}
{"time": "2026-08-19 15:46:56", "service": "udyamreg", "session_id": "7bff3fce-c942-4b91-bb68-8b685212fcfc", "level": "INFO", "kind": "status", "message": "Portal Loaded Successfully"}
{"time": "2026-08-19 15:46:56", "service": "udyamreg", "session_id": "7bff3fce-c942-4b91-bb68-8b685212fcfc", "level": "INFO", "kind": "status", "message": "Udyam Registration clicked successfully"}
{"time": "2026-08-19 15:46:56", "service": "udyamreg", "session_id": "7bff3fce-c942-4b91-bb68-8b685212fcfc", "level": "INFO", "kind": "otp", "message": "OTP sent successfully"}
{"time": "2026-08-19 15:46:58", "service": "udyamreg", "session_id": "7bff3fce-c942-4b91-bb68-8b685212fcfc", "level": "INFO", "kind": "otp", "message": "Waiting for OTP"}
{"time": "2026-08-19 15:53:47", "service": "udyamreg", "session_id": "31af2cc0-16ac-4d10-9b7e-315f94c16e6f", "level": "INFO", "kind": "status", "message": "Automation started"}
{"time": "2026-08-19 15:53:59", "service": "udyamreg", "session_id": "31af2cc0-16ac-4d10-9b7e-315f94c16e6f", "level": "INFO", "kind": "status", "message": "Launching Udyam automation"}
{"time": "2026-08-19 15:53:59", "service": "udyamreg", "session_id": "31af2cc0-16ac-4d10-9b7e-315f94c16e6f", "level": "INFO", "kind": "status", "message": "Starting Udyam Registration"}
{"time": "2026-08-19 15:54:03", "service": "udyamreg", "session_id": "31af2cc0-16ac-4d10-9b7e-315f94c16e6f", "level": "INFO", "kind": "status", "message": "Portal opened successfully"}
{"time": "2026-08-19 15:54:04", "service": "udyamreg", "session_id": "31af2cc0-16ac-4d10-9b7e-315f94c16e6f", "level": "INFO", "kind": "status", "message": "Site loaded & button clicked successfully"}
{"time": "2026-08-19 15:54:04", "service": "udyamreg", "session_id": "31af2cc0-16ac-4d10-9b7e-315f94c16e6f", "level": "INFO", "kind": "status", "message": "Portal Loaded Successfully"}
{"time": "2026-08-19 15:54:04", "service": "udyamreg", "session_id": "31af2cc0-16ac-4d10-9b7e-315f94c16e6f", "level": "INFO", "kind": "status", "message": "Udyam Registration clicked successfully"}
{"time": "2026-08-19 15:54:04", "service": "udyamreg", "session_id": "31af2cc0-16ac-4d10-9b7e-315f94c16e6f", "level": "INFO", "kind": "status", "message": "Automation failed: Message: no such window: target window already closed\nfrom unknown error: web view not found\n  (Session info: chrome=151.0.7922.140)\nStacktrace:\n\tchromedriver!GetHandleVerifier [0x7ff72824abb5+151b5]\n\tchromedriver!GetHandleVerifier [0x7ff72824ac10+15210]\n\tchromedriver!(No symbol) [0x7ff727d75d6d]\n\tchromedriver!(No symbol) [0x7ff727d4cc52]\n\tchromedriver!(No symbol) [0x7ff727e010c6]\n\tchromedriver!(No symbol) [0x7ff727e1e4f2]\n\tchromedriver!(No symbol) [0x7ff727dc37cc]\n\tchromedriver!(No symbol) [0x7ff727dc46f3]\n\tchromedriver!GetHandleVerifier [0x7ff72886b79b+635d9b]\n\tchromedriver!GetHandleVerifier [0x7ff728865ac6+6300c6]\n\tchromedriver!GetHandleVerifier [0x7ff72888bcee+6562ee]\n\tchromedriver!GetHandleVerifier [0x7ff728268ffe+335fe]\n\tchromedriver!GetHandleVerifier [0x7ff72827147c+3ba7c]\n\tchromedriver!GetHandleVerifier [0x7ff728254d64+1f364]\n\tchromedriver!GetHandleVerifier [0x7ff728254ef4+1f4f4]\n\tchromedriver!GetHandleVerifier [0x7ff728237d97+2397]\n\tKERNEL32!BaseThreadInitThunk [0x7fff8394ccb7+17]\n\tntdll!RtlUserThreadStart [0x7fff8460ad6c+2c]\n"}
{"time": "2026-08-19 15:54:07", "service": "udyamreg", "session_id": "31af2cc0-16ac-4d10-9b7e-315f94c16e6f", "level": "INFO", "kind": "status", "message": "Browser closed after error"}
{"time": "2026-08-19 15:54:07", "service": "udyamreg", "session_id": "31af2cc0-16ac-4d10-9b7e-315f94c16e6f", "level": "ERROR", "kind": "status", "message": "Error: Message: no such window: target window already closed\nfrom unknown error: web view not found\n  (Session info: chrome=151.0.7922.140)\nStacktrace:\n\tchromedriver!GetHandleVerifier [0x7ff72824abb5+151b5]\n\tchromedriver!GetHandleVerifier [0x7ff72824ac10+15210]\n\tchromedriver!(No symbol) [0x7ff727d75d6d]\n\tchromedriver!(No symbol) [0x7ff727d4cc52]\n\tchromedriver!(No symbol) [0x7ff727e010c6]\n\tchromedriver!(No symbol) [0x7ff727e1e4f2]\n\tchromedriver!(No symbol) [0x7ff727dc37cc]\n\tchromedriver!(No symbol) [0x7ff727dc46f3]\n\tchromedriver!GetHandleVerifier [0x7ff72886b79b+635d9b]\n\tchromedriver!GetHandleVerifier [0x7ff728865ac6+6300c6]\n\tchromedriver!GetHandleVerifier [0x7ff72888bcee+6562ee]\n\tchromedriver!GetHandleVerifier [0x7ff728268ffe+335fe]\n\tchromedriver!GetHandleVerifier [0x7ff72827147c+3ba7c]\n\tchromedriver!GetHandleVerifier [0x7ff728254d64+1f364]\n\tchromedriver!GetHandleVerifier [0x7ff728254ef4+1f4f4]\n\tchromedriver!GetHandleVerifier [0x7ff728237d97+2397]\n\tKERNEL32!BaseThreadInitThunk [0x7fff8394ccb7+17]\n\tntdll!RtlUserThreadStart [0x7fff8460ad6c+2c]\n"}
{"time": "2026-08-19 17:02:05", "service": "udyamreg", "session_id": "70cbfea7-ba24-4eba-b4e3-43770afd3fcd", "level": "INFO", "kind": "status", "message": "Automation started"}
{"time": "2026-08-19 17:02:16", "service": "udyamreg", "session_id": "70cbfea7-ba24-4eba-b4e3-43770afd3fcd", "level": "INFO", "kind": "status", "message": "Launching Udyam automation"}
{"time": "2026-08-19 17:02:16", "service": "udyamreg", "session_id": "70cbfea7-ba24-4eba-b4e3-43770afd3fcd", "level": "INFO", "kind": "status", "message": "Starting Udyam Registration"}
{"time": "2026-08-19 17:02:19", "service": "udyamreg", "session_id": "70cbfea7-ba24-4eba-b4e3-43770afd3fcd", "level": "INFO", "kind": "status", "message": "Portal opened successfully"}
{"time": "2026-08-19 17:02:20", "service": "udyamreg", "session_id": "70cbfea7-ba24-4eba-b4e3-43770afd3fcd", "level": "INFO", "kind": "status", "message": "Site loaded & button clicked successfully"}
{"time": "2026-08-19 17:02:20", "service": "udyamreg", "session_id": "70cbfea7-ba24-4eba-b4e3-43770afd3fcd", "level": "INFO", "kind": "status", "message": "Portal Loaded Successfully"}
{"time": "2026-08-19 17:02:20", "service": "udyamreg", "session_id": "70cbfea7-ba24-4eba-b4e3-43770afd3fcd", "level": "INFO", "kind": "status", "message": "Udyam Registration clicked successfully"}
{"time": "2026-08-19 17:02:21", "service": "udyamreg", "session_id": "70cbfea7-ba24-4eba-b4e3-43770afd3fcd", "level": "INFO", "kind": "otp", "message": "OTP submitted"}
{"time": "2026-08-19 17:02:21", "service": "udyamreg", "session_id": "70cbfea7-ba24-4eba-b4e3-43770afd3fcd", "level": "INFO", "kind": "otp", "message": "OTP sent successfully"}
{"time": "2026-08-19 17:02:23", "service": "udyamreg", "session_id": "70cbfea7-ba24-4eba-b4e3-43770afd3fcd", "level": "INFO", "kind": "otp", "message": "Waiting for OTP"}
{"time": "2026-08-19 17:02:23", "service": "udyamreg", "session_id": "70cbfea7-ba24-4eba-b4e3-43770afd3fcd", "level": "INFO", "kind": "otp", "message": "OTP received"}
{"time": "2026-08-19 17:02:27", "service": "udyamreg", "session_id": "70cbfea7-ba24-4eba-b4e3-43770afd3fcd", "level": "INFO", "kind": "otp", "message": "Incorrect OTP So after 5 Minutes Retry it. Automation Closed"}
{"time": "2026-08-19 17:02:27", "service": "udyamreg", "session_id": "70cbfea7-ba24-4eba-b4e3-43770afd3fcd", "level": "INFO", "kind": "status", "message": "Automation completed"}
{"time": "2026-08-19 17:06:48", "service": "udyamreg", "session_id": "6305137e-db21-4179-bc43-a36dcb2f2a85", "level": "INFO", "kind": "status", "message": "Automation started"}
{"time": "2026-08-19 17:06:59", "service": "udyamreg", "session_id": "6305137e-db21-4179-bc43-a36dcb2f2a85", "level": "INFO", "kind": "otp", "message": "OTP submitted"}
{"time": "2026-08-19 17:06:59", "service": "udyamreg", "session_id": "6305137e-db21-4179-bc43-a36dcb2f2a85", "level": "INFO", "kind": "status", "message": "Launching Udyam automation"}
{"time": "2026-08-19 17:06:59", "service": "udyamreg", "session_id": "6305137e-db21-4179-bc43-a36dcb2f2a85", "level": "INFO", "kind": "status", "message": "Starting Udyam Registration"}
{"time": "2026-08-19 17:07:02", "service": "udyamreg", "session_id": "6305137e-db21-4179-bc43-a36dcb2f2a85", "level": "INFO", "kind": "status", "message": "Portal opened successfully"}
{"time": "2026-08-19 17:07:06", "service": "udyamreg", "session_id": "6305137e-db21-4179-bc43-a36dcb2f2a85", "level": "INFO", "kind": "status", "message": "Site loaded & button clicked successfully"}
{"time": "2026-08-19 17:07:06", "service": "udyamreg", "session_id": "6305137e-db21-4179-bc43-a36dcb2f2a85", "level": "INFO", "kind": "status", "message": "Portal Loaded Successfully"}
{"time": "2026-08-19 17:07:06", "service": "udyamreg", "session_id": "6305137e-db21-4179-bc43-a36dcb2f2a85", "level": "INFO", "kind": "status", "message": "Udyam Registration clicked successfully"}
{"time": "2026-08-19 17:07:06", "service": "udyamreg", "session_id": "6305137e-db21-4179-bc43-a36dcb2f2a85", "level": "INFO", "kind": "otp", "message": "OTP sent successfully"}
{"time": "2026-08-19 17:07:10", "service": "udyamreg", "session_id": "6305137e-db21-4179-bc43-a36dcb2f2a85", "level": "INFO", "kind": "otp", "message": "Waiting for OTP"}
{"time": "2026-08-19 17:07:10", "service": "udyamreg", "session_id": "6305137e-db21-4179-bc43-a36dcb2f2a85", "level": "INFO", "kind": "otp", "message": "OTP received"}
{"time": "2026-08-19 17:07:14", "service": "udyamreg", "session_id": "6305137e-db21-4179-bc43-a36dcb2f2a85", "level": "INFO", "kind": "otp", "message": "Incorrect OTP So after 5 Minutes Retry it. Automation Closed"}
{"time": "2026-08-19 17:07:14", "service": "udyamreg", "session_id": "6305137e-db21-4179-bc43-a36dcb2f2a85", "level": "INFO", "kind": "otp", "message": "OTP validated successfully"}
{"time": "2026-08-19 17:07:28", "service": "udyamreg", "session_id": "6305137e-db21-4179-bc43-a36dcb2f2a85", "level": "INFO", "kind": "status", "message": "Automation failed: Message: no such window: target window already closed\nfrom unknown error: web view not found\n  (Session info: chrome=151.0.7922.140)\nStacktrace:\n\tchromedriver!GetHandleVerifier [0x7ff72824abb5+151b5]\n\tchromedriver!GetHandleVerifier [0x7ff72824ac10+15210]\n\tchromedriver!(No symbol) [0x7ff727d75d6d]\n\tchromedriver!(No symbol) [0x7ff727d4cc52]\n\tchromedriver!(No symbol) [0x7ff727e010c6]\n\tchromedriver!(No symbol) [0x7ff727e1e4f2]\n\tchromedriver!(No symbol) [0x7ff727dc37cc]\n\tchromedriver!(No symbol) [0x7ff727dc46f3]\n\tchromedriver!GetHandleVerifier [0x7ff72886b79b+635d9b]\n\tchromedriver!GetHandleVerifier [0x7ff728865ac6+6300c6]\n\tchromedriver!GetHandleVerifier [0x7ff72888bcee+6562ee]\n\tchromedriver!GetHandleVerifier [0x7ff728268ffe+335fe]\n\tchromedriver!GetHandleVerifier [0x7ff72827147c+3ba7c]\n\tchromedriver!GetHandleVerifier [0x7ff728254d64+1f364]\n\tchromedriver!GetHandleVerifier [0x7ff728254ef4+1f4f4]\n\tchromedriver!GetHandleVerifier [0x7ff728237d97+2397]\n\tKERNEL32!BaseThreadInitThunk [0x7fff8394ccb7+17]\n\tntdll!RtlUserThreadStart [0x7fff8460ad6c+2c]\n"}
{"time": "2026-08-19 17:07:30", "service": "udyamreg", "session_id": "6305137e-db21-4179-bc43-a36dcb2f2a85", "level": "INFO", "kind": "status", "message": "Browser closed after error"}
{"time": "2026-08-19 17:07:30", "service": "udyamreg", "session_id": "6305137e-db21-4179-bc43-a36dcb2f2a85", "level": "ERROR", "kind": "status", "message": "Error: Message: no such window: target window already closed\nfrom unknown error: web view not found\n  (Session info: chrome=151.0.7922.140)\nStacktrace:\n\tchromedriver!GetHandleVerifier [0x7ff72824abb5+151b5]\n\tchromedriver!GetHandleVerifier [0x7ff72824ac10+15210]\n\tchromedriver!(No symbol) [0x7ff727d75d6d]\n\tchromedriver!(No symbol) [0x7ff727d4cc52]\n\tchromedriver!(No symbol) [0x7ff727e010c6]\n\tchromedriver!(No symbol) [0x7ff727e1e4f2]\n\tchromedriver!(No symbol) [0x7ff727dc37cc]\n\tchromedriver!(No symbol) [0x7ff727dc46f3]\n\tchromedriver!GetHandleVerifier [0x7ff72886b79b+635d9b]\n\tchromedriver!GetHandleVerifier [0x7ff728865ac6+6300c6]\n\tchromedriver!GetHandleVerifier [0x7ff72888bcee+6562ee]\n\tchromedriver!GetHandleVerifier [0x7ff728268ffe+335fe]\n\tchromedriver!GetHandleVerifier [0x7ff72827147c+3ba7c]\n\tchromedriver!GetHandleVerifier [0x7ff728254d64+1f364]\n\tchromedriver!GetHandleVerifier [0x7ff728254ef4+1f4f4]\n\tchromedriver!GetHandleVerifier [0x7ff728237d97+2397]\n\tKERNEL32!BaseThreadInitThunk [0x7fff8394ccb7+17]\n\tntdll!RtlUserThreadStart [0x7fff8460ad6c+2c]\n"}
{"time": "2026-08-19 17:08:12", "service": "udyamreg", "session_id": "34d0d737-2f5e-4417-a360-c0369014240e", "level": "INFO", "kind": "status", "message": "Automation started"}
{"time": "2026-08-19 17:08:23", "service": "udyamreg", "session_id": "34d0d737-2f5e-4417-a360-c0369014240e", "level": "INFO", "kind": "status", "message": "Launching Udyam automation"}
{"time": "2026-08-19 17:08:23", "service": "udyamreg", "session_id": "34d0d737-2f5e-4417-a360-c0369014240e", "level": "INFO", "kind": "status", "message": "Starting Udyam Registration"}
{"time": "2026-08-19 17:08:26", "service": "udyamreg", "session_id": "34d0d737-2f5e-4417-a360-c0369014240e", "level": "INFO", "kind": "status", "message": "Portal opened successfully"}
{"time": "2026-08-19 17:08:27", "service": "udyamreg", "session_id": "34d0d737-2f5e-4417-a360-c0369014240e", "level": "INFO", "kind": "status", "message": "Site loaded & button clicked successfully"}
{"time": "2026-08-19 17:08:27", "service": "udyamreg", "session_id": "34d0d737-2f5e-4417-a360-c0369014240e", "level": "INFO", "kind": "status", "message": "Portal Loaded Successfully"}
{"time": "2026-08-19 17:08:27", "service": "udyamreg", "session_id": "34d0d737-2f5e-4417-a360-c0369014240e", "level": "INFO", "kind": "status", "message": "Udyam Registration clicked successfully"}
{"time": "2026-08-19 17:08:27", "service": "udyamreg", "session_id": "34d0d737-2f5e-4417-a360-c0369014240e", "level": "INFO", "kind": "otp", "message": "OTP sent successfully"}
{"time": "2026-08-19 17:08:29", "service": "udyamreg", "session_id": "34d0d737-2f5e-4417-a360-c0369014240e", "level": "INFO", "kind": "otp", "message": "Waiting for OTP"}
{"time": "2026-08-19 17:08:34", "service": "udyamreg", "session_id": "34d0d737-2f5e-4417-a360-c0369014240e", "level": "INFO", "kind": "otp", "message": "OTP submitted"}
{"time": "2026-08-19 17:08:34", "service": "udyamreg", "session_id": "34d0d737-2f5e-4417-a360-c0369014240e", "level": "INFO", "kind": "otp", "message": "OTP received"}
{"time": "2026-08-19 17:08:39", "service": "udyamreg", "session_id": "34d0d737-2f5e-4417-a360-c0369014240e", "level": "INFO", "kind": "otp", "message": "Incorrect OTP So after 5 Minutes Retry it. Automation Closed"}
{"time": "2026-08-19 17:08:39", "service": "udyamreg", "session_id": "34d0d737-2f5e-4417-a360-c0369014240e", "level": "INFO", "kind": "status", "message": "Automation failed: exceptions must derive from BaseException"}
{"time": "2026-08-19 17:08:42", "service": "udyamreg", "session_id": "34d0d737-2f5e-4417-a360-c0369014240e", "level": "INFO", "kind": "status", "message": "Browser closed after error"}
{"time": "2026-08-19 17:08:42", "service": "udyamreg", "session_id": "34d0d737-2f5e-4417-a360-c0369014240e", "level": "ERROR", "kind": "status", "message": "Error: exceptions must derive from BaseException"}
{"time": "2026-08-19 18:54:20", "service": "udyamreg", "session_id": "2c121622-d9e1-40dd-a858-a9f95fae5419", "level": "INFO", "kind": "status", "message": "Automation started"}
{"time": "2026-08-19 18:54:30", "service": "udyamreg", "session_id": "2c121622-d9e1-40dd-a858-a9f95fae5419", "level": "INFO", "kind": "status", "message": "Launching Udyam automation"}
{"time": "2026-08-19 18:54:30", "service": "udyamreg", "session_id": "2c121622-d9e1-40dd-a858-a9f95fae5419", "level": "INFO", "kind": "status", "message": "Starting Udyam Registration"}
{"time": "2026-08-19 18:54:33", "service": "udyamreg", "session_id": "2c121622-d9e1-40dd-a858-a9f95fae5419", "level": "INFO", "kind": "status", "message": "Portal opened successfully"}
{"time": "2026-08-19 18:54:35", "service": "udyamreg", "session_id": "2c121622-d9e1-40dd-a858-a9f95fae5419", "level": "INFO", "kind": "status", "message": "Site loaded & button clicked successfully"}
{"time": "2026-08-19 18:54:35", "service": "udyamreg", "session_id": "2c121622-d9e1-40dd-a858-a9f95fae5419", "level": "INFO", "kind": "status", "message": "Portal Loaded Successfully"}
{"time": "2026-08-19 18:54:35", "service": "udyamreg", "session_id": "2c121622-d9e1-40dd-a858-a9f95fae5419", "level": "INFO", "kind": "status", "message": "Udyam Registration clicked successfully"}
{"time": "2026-08-19 18:54:35", "service": "udyamreg", "session_id": "2c121622-d9e1-40dd-a858-a9f95fae5419", "level": "INFO", "kind": "otp", "message": "OTP sent successfully"}
{"time": "2026-08-19 18:54:37", "service": "udyamreg", "session_id": "2c121622-d9e1-40dd-a858-a9f95fae5419", "level": "INFO", "kind": "otp", "message": "Waiting for OTP"}
{"time": "2026-08-19 18:54:45", "service": "udyamreg", "session_id": "2c121622-d9e1-40dd-a858-a9f95fae5419", "level": "INFO", "kind": "otp", "message": "OTP submitted"}
{"time": "2026-08-19 18:54:45", "service": "udyamreg", "session_id": "2c121622-d9e1-40dd-a858-a9f95fae5419", "level": "INFO", "kind": "otp", "message": "OTP received"}
{"time": "2026-08-19 18:54:49", "service": "udyamreg", "session_id": "2c121622-d9e1-40dd-a858-a9f95fae5419", "level": "INFO", "kind": "otp", "message": "Incorrect OTP So after 5 Minutes Retry it. Automation Closed"}
{"time": "2026-08-19 18:54:49", "service": "udyamreg", "session_id": "2c121622-d9e1-40dd-a858-a9f95fae5419", "level": "INFO", "kind": "status", "message": "Automation failed: exceptions must derive from BaseException"}
{"time": "2026-08-19 18:54:52", "service": "udyamreg", "session_id": "2c121622-d9e1-40dd-a858-a9f95fae5419", "level": "INFO", "kind": "status", "message": "Browser closed after error"}
{"time": "2026-08-19 18:54:52", "service": "udyamreg", "session_id": "2c121622-d9e1-40dd-a858-a9f95fae5419", "level": "ERROR", "kind": "status", "message": "Error: exceptions must derive from BaseException"}
{"time": "2026-08-19 18:55:31", "service": "udyamreg", "session_id": "c85ee4d9-0b20-4fa4-a56b-4a7ed1ac4782", "level": "INFO", "kind": "status", "message": "Automation started"}
{"time": "2026-08-19 18:55:31", "service": "udyamreg", "session_id": "c85ee4d9-0b20-4fa4-a56b-4a7ed1ac4782", "level": "INFO", "kind": "status", "message": "Launching Udyam automation"}
{"time": "2026-08-19 18:55:31", "service": "udyamreg", "session_id": "c85ee4d9-0b20-4fa4-a56b-4a7ed1ac4782", "level": "INFO", "kind": "status", "message": "Starting Udyam Registration"}
{"time": "2026-08-19 18:55:34", "service": "udyamreg", "session_id": "c85ee4d9-0b20-4fa4-a56b-4a7ed1ac4782", "level": "INFO", "kind": "status", "message": "Portal opened successfully"}
{"time": "2026-08-19 18:55:34", "service": "udyamreg", "session_id": "c85ee4d9-0b20-4fa4-a56b-4a7ed1ac4782", "level": "INFO", "kind": "status", "message": "Site loaded & button clicked successfully"}
{"time": "2026-08-19 18:55:34", "service": "udyamreg", "session_id": "c85ee4d9-0b20-4fa4-a56b-4a7ed1ac4782", "level": "INFO", "kind": "status", "message": "Portal Loaded Successfully"}
{"time": "2026-08-19 18:55:34", "service": "udyamreg", "session_id": "c85ee4d9-0b20-4fa4-a56b-4a7ed1ac4782", "level": "INFO", "kind": "status", "message": "Udyam Registration clicked successfully"}
{"time": "2026-08-19 18:55:35", "service": "udyamreg", "session_id": "c85ee4d9-0b20-4fa4-a56b-4a7ed1ac4782", "level": "INFO", "kind": "otp", "message": "OTP sent successfully"}
{"time": "2026-08-19 18:55:37", "service": "udyamreg", "session_id": "c85ee4d9-0b20-4fa4-a56b-4a7ed1ac4782", "level": "INFO", "kind": "otp", "message": "Waiting for OTP"}
{"time": "2026-08-24 14:42:26", "service": "startup_india", "session_id": "65c944c0-ec3b-452a-93c7-fd358c637317", "level": "INFO", "kind": "status", "message": "Automation started"}
{"time": "2026-08-24 14:42:27", "service": "startup_india", "session_id": "65c944c0-ec3b-452a-93c7-fd358c637317", "level": "INFO", "kind": "status", "message": "Launching Startup India DPIIT recognition automation"}
{"time": "2026-08-24 14:43:39", "service": "startup_india", "session_id": "65c944c0-ec3b-452a-93c7-fd358c637317", "level": "INFO", "kind": "otp", "message": "OTP submitted (login)"}
{"time": "2026-08-24 14:45:02", "service": "startup_india", "session_id": "65c944c0-ec3b-452a-93c7-fd358c637317", "level": "INFO", "kind": "status", "message": "Automation completed"}
